// Vitest Snapshot v1, https://vitest.dev/guide/snapshot.html

exports[`buildSpacing > merges default spacing in sorted px order (snapshot) 1`] = `
[
  {
    "isCustom": false,
    "name": "0",
    "px": 0,
    "rem": "0rem",
    "source": "fixtures",
    "tailwindClasses": [
      "p-0",
      "m-0",
      "gap-0",
      "space-x-0",
      "space-y-0",
    ],
  },
  {
    "isCustom": false,
    "name": "px",
    "px": 1,
    "rem": "0.0625rem",
    "source": "fixtures",
    "tailwindClasses": [
      "p-px",
      "m-px",
      "gap-px",
      "space-x-px",
      "space-y-px",
    ],
  },
  {
    "isCustom": false,
    "name": "0.5",
    "px": 2,
    "rem": "0.125rem",
    "source": "fixtures",
    "tailwindClasses": [
      "p-0.5",
      "m-0.5",
      "gap-0.5",
      "space-x-0.5",
      "space-y-0.5",
    ],
  },
  {
    "isCustom": false,
    "name": "1",
    "px": 4,
    "rem": "0.25rem",
    "source": "fixtures",
    "tailwindClasses": [
      "p-1",
      "m-1",
      "gap-1",
      "space-x-1",
      "space-y-1",
    ],
  },
  {
    "isCustom": false,
    "name": "1.5",
    "px": 6,
    "rem": "0.375rem",
    "source": "fixtures",
    "tailwindClasses": [
      "p-1.5",
      "m-1.5",
      "gap-1.5",
      "space-x-1.5",
      "space-y-1.5",
    ],
  },
]
`;
